Simulator report for pulse_picker
Fri Jan 03 09:27:04 2014
Quartus II Version 9.0 Build 132 02/25/2009 SJ Full Version


---------------------
; Table of Contents ;
---------------------
  1. Legal Notice
  2. Simulator Summary
  3. Simulator Settings
  4. Simulation Waveforms
  5. Coverage Summary
  6. Complete 1/0-Value Coverage
  7. Missing 1-Value Coverage
  8. Missing 0-Value Coverage
  9. Simulator INI Usage
 10. Simulator Messages



----------------
; Legal Notice ;
----------------
Copyright (C) 1991-2009 Altera Corporation
Your use of Altera Corporation's design tools, logic functions 
and other software and tools, and its AMPP partner logic 
functions, and any output files from any of the foregoing 
(including device programming or simulation files), and any 
associated documentation or information are expressly subject 
to the terms and conditions of the Altera Program License 
Subscription Agreement, Altera MegaCore Function License 
Agreement, or other applicable license agreement, including, 
without limitation, that your use is for the sole purpose of 
programming logic devices manufactured by Altera and sold by 
Altera or its authorized distributors.  Please refer to the 
applicable agreement for further details.



+----------------------------------------------+
; Simulator Summary                            ;
+-----------------------------+----------------+
; Type                        ; Value          ;
+-----------------------------+----------------+
; Simulation Start Time       ; 0 ps           ;
; Simulation End Time         ; 1.0 us         ;
; Simulation Netlist Size     ; 88 nodes       ;
; Simulation Coverage         ;      32.53 %   ;
; Total Number of Transitions ; 1045           ;
; Simulation Breakpoints      ; 0              ;
; Family                      ; MAX3000A       ;
; Device                      ; EPM3064ATC44-4 ;
+-----------------------------+----------------+


+-------------------------------------------------------------------------------------------------------------------------+
; Simulator Settings                                                                                                      ;
+--------------------------------------------------------------------------------------------+------------+---------------+
; Option                                                                                     ; Setting    ; Default Value ;
+--------------------------------------------------------------------------------------------+------------+---------------+
; Simulation mode                                                                            ; Timing     ; Timing        ;
; Start time                                                                                 ; 0 ns       ; 0 ns          ;
; End time                                                                                   ; 100 us     ;               ;
; Simulation results format                                                                  ; CVWF       ;               ;
; Add pins automatically to simulation output waveforms                                      ; On         ; On            ;
; Check outputs                                                                              ; Off        ; Off           ;
; Report simulation coverage                                                                 ; On         ; On            ;
; Display complete 1/0 value coverage report                                                 ; On         ; On            ;
; Display missing 1-value coverage report                                                    ; On         ; On            ;
; Display missing 0-value coverage report                                                    ; On         ; On            ;
; Detect setup and hold time violations                                                      ; Off        ; Off           ;
; Detect glitches                                                                            ; Off        ; Off           ;
; Disable timing delays in Timing Simulation                                                 ; Off        ; Off           ;
; Generate Signal Activity File                                                              ; Off        ; Off           ;
; Generate VCD File for PowerPlay Power Analyzer                                             ; Off        ; Off           ;
; Group bus channels in simulation results                                                   ; Off        ; Off           ;
; Preserve fewer signal transitions to reduce memory requirements                            ; On         ; On            ;
; Trigger vector comparison with the specified mode                                          ; INPUT_EDGE ; INPUT_EDGE    ;
; Disable setup and hold time violations detection in input registers of bi-directional pins ; Off        ; Off           ;
; Overwrite Waveform Inputs With Simulation Outputs                                          ; Off        ;               ;
; Perform Glitch Filtering in Timing Simulation                                              ; Auto       ; Auto          ;
+--------------------------------------------------------------------------------------------+------------+---------------+


+----------------------+
; Simulation Waveforms ;
+----------------------+
Waveform report data cannot be output to ASCII.
Please use Quartus II to view the waveform report data.


+--------------------------------------------------------------------+
; Coverage Summary                                                   ;
+-----------------------------------------------------+--------------+
; Type                                                ; Value        ;
+-----------------------------------------------------+--------------+
; Total coverage as a percentage                      ;      32.53 % ;
; Total nodes checked                                 ; 88           ;
; Total output ports checked                          ; 83           ;
; Total output ports with complete 1/0-value coverage ; 27           ;
; Total output ports with no 1/0-value coverage       ; 50           ;
; Total output ports with no 1-value coverage         ; 54           ;
; Total output ports with no 0-value coverage         ; 52           ;
+-----------------------------------------------------+--------------+


The following table displays output ports that toggle between 1 and 0 during simulation.
+------------------------------------------------------------------------------------------------------------------------------+
; Complete 1/0-Value Coverage                                                                                                  ;
+-----------------------------------------------------+-----------------------------------------------------+------------------+
; Node Name                                           ; Output Port Name                                    ; Output Port Type ;
+-----------------------------------------------------+-----------------------------------------------------+------------------+
; |pulse_picker_div|tmp_c                             ; |pulse_picker_div|tmp_c                             ; dataout          ;
; |pulse_picker_div|LessThan0~46                      ; |pulse_picker_div|LessThan0~46                      ; dataout          ;
; |pulse_picker_div|lpm_counter:ratetmp_rtl_0|_~29    ; |pulse_picker_div|lpm_counter:ratetmp_rtl_0|_~29    ; dataout          ;
; |pulse_picker_div|lpm_counter:ratetmp_rtl_0|dffs[1] ; |pulse_picker_div|lpm_counter:ratetmp_rtl_0|dffs[1] ; dataout          ;
; |pulse_picker_div|widetmp[1]                        ; |pulse_picker_div|widetmp[1]                        ; dataout          ;
; |pulse_picker_div|lpm_counter:ratetmp_rtl_0|_~33    ; |pulse_picker_div|lpm_counter:ratetmp_rtl_0|_~33    ; dataout          ;
; |pulse_picker_div|lpm_counter:ratetmp_rtl_0|dffs[2] ; |pulse_picker_div|lpm_counter:ratetmp_rtl_0|dffs[2] ; dataout          ;
; |pulse_picker_div|lpm_counter:ratetmp_rtl_0|_~37    ; |pulse_picker_div|lpm_counter:ratetmp_rtl_0|_~37    ; dataout          ;
; |pulse_picker_div|lpm_counter:ratetmp_rtl_0|dffs[3] ; |pulse_picker_div|lpm_counter:ratetmp_rtl_0|dffs[3] ; dataout          ;
; |pulse_picker_div|lpm_counter:ratetmp_rtl_0|_~41    ; |pulse_picker_div|lpm_counter:ratetmp_rtl_0|_~41    ; dataout          ;
; |pulse_picker_div|lpm_counter:ratetmp_rtl_0|dffs[4] ; |pulse_picker_div|lpm_counter:ratetmp_rtl_0|dffs[4] ; dataout          ;
; |pulse_picker_div|lpm_counter:ratetmp_rtl_0|_~45    ; |pulse_picker_div|lpm_counter:ratetmp_rtl_0|_~45    ; dataout          ;
; |pulse_picker_div|lpm_counter:ratetmp_rtl_0|dffs[5] ; |pulse_picker_div|lpm_counter:ratetmp_rtl_0|dffs[5] ; dataout          ;
; |pulse_picker_div|pwmflag                           ; |pulse_picker_div|pwmflag                           ; dataout          ;
; |pulse_picker_div|tmp_c1~7                          ; |pulse_picker_div|tmp_c1~7                          ; dataout          ;
; |pulse_picker_div|PWM_OUT~2                         ; |pulse_picker_div|PWM_OUT~2                         ; dataout          ;
; |pulse_picker_div|widetmp[0]~39                     ; |pulse_picker_div|widetmp[0]~39                     ; pexpout          ;
; |pulse_picker_div|widetmp[1]~44                     ; |pulse_picker_div|widetmp[1]~44                     ; pexpout          ;
; |pulse_picker_div|pwmflag~13                        ; |pulse_picker_div|pwmflag~13                        ; pexpout          ;
; |pulse_picker_div|ENABLE                            ; |pulse_picker_div|ENABLE~corein                     ; dataout          ;
; |pulse_picker_div|DATA[0]                           ; |pulse_picker_div|DATA[0]~corein                    ; dataout          ;
; |pulse_picker_div|DATA[1]                           ; |pulse_picker_div|DATA[1]~corein                    ; dataout          ;
; |pulse_picker_div|RS[0]                             ; |pulse_picker_div|RS[0]~corein                      ; dataout          ;
; |pulse_picker_div|RS[1]                             ; |pulse_picker_div|RS[1]~corein                      ; dataout          ;
; |pulse_picker_div|CLK                               ; |pulse_picker_div|CLK~corein                        ; dataout          ;
; |pulse_picker_div|CLK_OUT                           ; |pulse_picker_div|CLK_OUT                           ; padio            ;
; |pulse_picker_div|PWM_OUT                           ; |pulse_picker_div|PWM_OUT                           ; padio            ;
+-----------------------------------------------------+-----------------------------------------------------+------------------+


The following table displays output ports that do not toggle to 1 during simulation.
+--------------------------------------------------------------------------------------------------------------------------------+
; Missing 1-Value Coverage                                                                                                       ;
+------------------------------------------------------+------------------------------------------------------+------------------+
; Node Name                                            ; Output Port Name                                     ; Output Port Type ;
+------------------------------------------------------+------------------------------------------------------+------------------+
; |pulse_picker_div|LessThan0~36                       ; |pulse_picker_div|LessThan0~36                       ; dataout          ;
; |pulse_picker_div|LessThan0~37                       ; |pulse_picker_div|LessThan0~37                       ; dataout          ;
; |pulse_picker_div|LessThan0~38                       ; |pulse_picker_div|LessThan0~38                       ; dataout          ;
; |pulse_picker_div|LessThan0~39                       ; |pulse_picker_div|LessThan0~39                       ; dataout          ;
; |pulse_picker_div|LessThan0~40                       ; |pulse_picker_div|LessThan0~40                       ; dataout          ;
; |pulse_picker_div|pulsewide[0]                       ; |pulse_picker_div|pulsewide[0]                       ; dataout          ;
; |pulse_picker_div|pulsewide[2]                       ; |pulse_picker_div|pulsewide[2]                       ; dataout          ;
; |pulse_picker_div|pulserate[6]                       ; |pulse_picker_div|pulserate[6]                       ; dataout          ;
; |pulse_picker_div|pulserate[7]                       ; |pulse_picker_div|pulserate[7]                       ; dataout          ;
; |pulse_picker_div|pulserate[8]                       ; |pulse_picker_div|pulserate[8]                       ; dataout          ;
; |pulse_picker_div|pulserate[9]                       ; |pulse_picker_div|pulserate[9]                       ; dataout          ;
; |pulse_picker_div|pulserate[10]                      ; |pulse_picker_div|pulserate[10]                      ; dataout          ;
; |pulse_picker_div|pulserate[11]                      ; |pulse_picker_div|pulserate[11]                      ; dataout          ;
; |pulse_picker_div|pulserate[12]                      ; |pulse_picker_div|pulserate[12]                      ; dataout          ;
; |pulse_picker_div|widetmp[2]                         ; |pulse_picker_div|widetmp[2]                         ; dataout          ;
; |pulse_picker_div|lpm_counter:ratetmp_rtl_0|_~49     ; |pulse_picker_div|lpm_counter:ratetmp_rtl_0|_~49     ; dataout          ;
; |pulse_picker_div|lpm_counter:ratetmp_rtl_0|dffs[6]  ; |pulse_picker_div|lpm_counter:ratetmp_rtl_0|dffs[6]  ; dataout          ;
; |pulse_picker_div|lpm_counter:ratetmp_rtl_0|_~53     ; |pulse_picker_div|lpm_counter:ratetmp_rtl_0|_~53     ; dataout          ;
; |pulse_picker_div|lpm_counter:ratetmp_rtl_0|dffs[7]  ; |pulse_picker_div|lpm_counter:ratetmp_rtl_0|dffs[7]  ; dataout          ;
; |pulse_picker_div|lpm_counter:ratetmp_rtl_0|_~57     ; |pulse_picker_div|lpm_counter:ratetmp_rtl_0|_~57     ; dataout          ;
; |pulse_picker_div|lpm_counter:ratetmp_rtl_0|dffs[8]  ; |pulse_picker_div|lpm_counter:ratetmp_rtl_0|dffs[8]  ; dataout          ;
; |pulse_picker_div|lpm_counter:ratetmp_rtl_0|_~61     ; |pulse_picker_div|lpm_counter:ratetmp_rtl_0|_~61     ; dataout          ;
; |pulse_picker_div|lpm_counter:ratetmp_rtl_0|dffs[9]  ; |pulse_picker_div|lpm_counter:ratetmp_rtl_0|dffs[9]  ; dataout          ;
; |pulse_picker_div|lpm_counter:ratetmp_rtl_0|_~65     ; |pulse_picker_div|lpm_counter:ratetmp_rtl_0|_~65     ; dataout          ;
; |pulse_picker_div|lpm_counter:ratetmp_rtl_0|dffs[10] ; |pulse_picker_div|lpm_counter:ratetmp_rtl_0|dffs[10] ; dataout          ;
; |pulse_picker_div|lpm_counter:ratetmp_rtl_0|_~69     ; |pulse_picker_div|lpm_counter:ratetmp_rtl_0|_~69     ; dataout          ;
; |pulse_picker_div|lpm_counter:ratetmp_rtl_0|dffs[11] ; |pulse_picker_div|lpm_counter:ratetmp_rtl_0|dffs[11] ; dataout          ;
; |pulse_picker_div|lpm_counter:ratetmp_rtl_0|_~73     ; |pulse_picker_div|lpm_counter:ratetmp_rtl_0|_~73     ; dataout          ;
; |pulse_picker_div|lpm_counter:ratetmp_rtl_0|dffs[12] ; |pulse_picker_div|lpm_counter:ratetmp_rtl_0|dffs[12] ; dataout          ;
; |pulse_picker_div|tmp_c1~8                           ; |pulse_picker_div|tmp_c1~8                           ; dataout          ;
; |pulse_picker_div|tmp_c1~9                           ; |pulse_picker_div|tmp_c1~9                           ; dataout          ;
; |pulse_picker_div|tmp_c1~10                          ; |pulse_picker_div|tmp_c1~10                          ; dataout          ;
; |pulse_picker_div|LessThan0~51                       ; |pulse_picker_div|LessThan0~51                       ; pexpout          ;
; |pulse_picker_div|widetmp[2]~48                      ; |pulse_picker_div|widetmp[2]~48                      ; pexpout          ;
; |pulse_picker_div|LessThan0~32sexp1                  ; |pulse_picker_div|LessThan0~32sexp1                  ; dataout          ;
; |pulse_picker_div|LessThan0~32sexp2                  ; |pulse_picker_div|LessThan0~32sexp2                  ; dataout          ;
; |pulse_picker_div|LessThan0~47sexp1                  ; |pulse_picker_div|LessThan0~47sexp1                  ; dataout          ;
; |pulse_picker_div|LessThan0~47sexp2                  ; |pulse_picker_div|LessThan0~47sexp2                  ; dataout          ;
; |pulse_picker_div|GATE                               ; |pulse_picker_div|GATE~corein                        ; dataout          ;
; |pulse_picker_div|DATA[2]                            ; |pulse_picker_div|DATA[2]~corein                     ; dataout          ;
; |pulse_picker_div|DATA[3]                            ; |pulse_picker_div|DATA[3]~corein                     ; dataout          ;
; |pulse_picker_div|DATA[4]                            ; |pulse_picker_div|DATA[4]~corein                     ; dataout          ;
; |pulse_picker_div|DATA[5]                            ; |pulse_picker_div|DATA[5]~corein                     ; dataout          ;
; |pulse_picker_div|DATA[6]                            ; |pulse_picker_div|DATA[6]~corein                     ; dataout          ;
; |pulse_picker_div|DATA[7]                            ; |pulse_picker_div|DATA[7]~corein                     ; dataout          ;
; |pulse_picker_div|RF_ON                              ; |pulse_picker_div|RF_ON                              ; padio            ;
; |pulse_picker_div|LessThan0~53                       ; |pulse_picker_div|LessThan0~53                       ; dataout          ;
; |pulse_picker_div|LessThan0~54                       ; |pulse_picker_div|LessThan0~54                       ; dataout          ;
; |pulse_picker_div|LessThan0~55                       ; |pulse_picker_div|LessThan0~55                       ; dataout          ;
; |pulse_picker_div|LessThan0~56                       ; |pulse_picker_div|LessThan0~56                       ; dataout          ;
; |pulse_picker_div|LessThan0~57                       ; |pulse_picker_div|LessThan0~57                       ; dataout          ;
; |pulse_picker_div|LessThan0~58                       ; |pulse_picker_div|LessThan0~58                       ; dataout          ;
; |pulse_picker_div|LessThan0~59                       ; |pulse_picker_div|LessThan0~59                       ; dataout          ;
; |pulse_picker_div|LessThan0~60                       ; |pulse_picker_div|LessThan0~60                       ; dataout          ;
+------------------------------------------------------+------------------------------------------------------+------------------+


The following table displays output ports that do not toggle to 0 during simulation.
+--------------------------------------------------------------------------------------------------------------------------------+
; Missing 0-Value Coverage                                                                                                       ;
+------------------------------------------------------+------------------------------------------------------+------------------+
; Node Name                                            ; Output Port Name                                     ; Output Port Type ;
+------------------------------------------------------+------------------------------------------------------+------------------+
; |pulse_picker_div|LessThan0~36                       ; |pulse_picker_div|LessThan0~36                       ; dataout          ;
; |pulse_picker_div|LessThan0~37                       ; |pulse_picker_div|LessThan0~37                       ; dataout          ;
; |pulse_picker_div|LessThan0~38                       ; |pulse_picker_div|LessThan0~38                       ; dataout          ;
; |pulse_picker_div|LessThan0~39                       ; |pulse_picker_div|LessThan0~39                       ; dataout          ;
; |pulse_picker_div|LessThan0~40                       ; |pulse_picker_div|LessThan0~40                       ; dataout          ;
; |pulse_picker_div|pulsewide[0]                       ; |pulse_picker_div|pulsewide[0]                       ; dataout          ;
; |pulse_picker_div|pulsewide[1]                       ; |pulse_picker_div|pulsewide[1]                       ; dataout          ;
; |pulse_picker_div|pulsewide[2]                       ; |pulse_picker_div|pulsewide[2]                       ; dataout          ;
; |pulse_picker_div|pulserate[5]                       ; |pulse_picker_div|pulserate[5]                       ; dataout          ;
; |pulse_picker_div|pulserate[6]                       ; |pulse_picker_div|pulserate[6]                       ; dataout          ;
; |pulse_picker_div|pulserate[7]                       ; |pulse_picker_div|pulserate[7]                       ; dataout          ;
; |pulse_picker_div|pulserate[8]                       ; |pulse_picker_div|pulserate[8]                       ; dataout          ;
; |pulse_picker_div|pulserate[9]                       ; |pulse_picker_div|pulserate[9]                       ; dataout          ;
; |pulse_picker_div|pulserate[10]                      ; |pulse_picker_div|pulserate[10]                      ; dataout          ;
; |pulse_picker_div|pulserate[11]                      ; |pulse_picker_div|pulserate[11]                      ; dataout          ;
; |pulse_picker_div|pulserate[12]                      ; |pulse_picker_div|pulserate[12]                      ; dataout          ;
; |pulse_picker_div|widetmp[2]                         ; |pulse_picker_div|widetmp[2]                         ; dataout          ;
; |pulse_picker_div|lpm_counter:ratetmp_rtl_0|_~49     ; |pulse_picker_div|lpm_counter:ratetmp_rtl_0|_~49     ; dataout          ;
; |pulse_picker_div|lpm_counter:ratetmp_rtl_0|dffs[6]  ; |pulse_picker_div|lpm_counter:ratetmp_rtl_0|dffs[6]  ; dataout          ;
; |pulse_picker_div|lpm_counter:ratetmp_rtl_0|_~53     ; |pulse_picker_div|lpm_counter:ratetmp_rtl_0|_~53     ; dataout          ;
; |pulse_picker_div|lpm_counter:ratetmp_rtl_0|dffs[7]  ; |pulse_picker_div|lpm_counter:ratetmp_rtl_0|dffs[7]  ; dataout          ;
; |pulse_picker_div|lpm_counter:ratetmp_rtl_0|_~57     ; |pulse_picker_div|lpm_counter:ratetmp_rtl_0|_~57     ; dataout          ;
; |pulse_picker_div|lpm_counter:ratetmp_rtl_0|dffs[8]  ; |pulse_picker_div|lpm_counter:ratetmp_rtl_0|dffs[8]  ; dataout          ;
; |pulse_picker_div|lpm_counter:ratetmp_rtl_0|_~61     ; |pulse_picker_div|lpm_counter:ratetmp_rtl_0|_~61     ; dataout          ;
; |pulse_picker_div|lpm_counter:ratetmp_rtl_0|dffs[9]  ; |pulse_picker_div|lpm_counter:ratetmp_rtl_0|dffs[9]  ; dataout          ;
; |pulse_picker_div|lpm_counter:ratetmp_rtl_0|_~65     ; |pulse_picker_div|lpm_counter:ratetmp_rtl_0|_~65     ; dataout          ;
; |pulse_picker_div|lpm_counter:ratetmp_rtl_0|dffs[10] ; |pulse_picker_div|lpm_counter:ratetmp_rtl_0|dffs[10] ; dataout          ;
; |pulse_picker_div|lpm_counter:ratetmp_rtl_0|_~69     ; |pulse_picker_div|lpm_counter:ratetmp_rtl_0|_~69     ; dataout          ;
; |pulse_picker_div|lpm_counter:ratetmp_rtl_0|dffs[11] ; |pulse_picker_div|lpm_counter:ratetmp_rtl_0|dffs[11] ; dataout          ;
; |pulse_picker_div|lpm_counter:ratetmp_rtl_0|_~73     ; |pulse_picker_div|lpm_counter:ratetmp_rtl_0|_~73     ; dataout          ;
; |pulse_picker_div|lpm_counter:ratetmp_rtl_0|dffs[12] ; |pulse_picker_div|lpm_counter:ratetmp_rtl_0|dffs[12] ; dataout          ;
; |pulse_picker_div|tmp_c1~8                           ; |pulse_picker_div|tmp_c1~8                           ; dataout          ;
; |pulse_picker_div|tmp_c1~9                           ; |pulse_picker_div|tmp_c1~9                           ; dataout          ;
; |pulse_picker_div|tmp_c1~10                          ; |pulse_picker_div|tmp_c1~10                          ; dataout          ;
; |pulse_picker_div|LessThan0~51                       ; |pulse_picker_div|LessThan0~51                       ; pexpout          ;
; |pulse_picker_div|widetmp[2]~48                      ; |pulse_picker_div|widetmp[2]~48                      ; pexpout          ;
; |pulse_picker_div|LessThan0~32sexp1                  ; |pulse_picker_div|LessThan0~32sexp1                  ; dataout          ;
; |pulse_picker_div|LessThan0~32sexp2                  ; |pulse_picker_div|LessThan0~32sexp2                  ; dataout          ;
; |pulse_picker_div|LessThan0~47sexp1                  ; |pulse_picker_div|LessThan0~47sexp1                  ; dataout          ;
; |pulse_picker_div|LessThan0~47sexp2                  ; |pulse_picker_div|LessThan0~47sexp2                  ; dataout          ;
; |pulse_picker_div|GATE                               ; |pulse_picker_div|GATE~corein                        ; dataout          ;
; |pulse_picker_div|DATA[2]                            ; |pulse_picker_div|DATA[2]~corein                     ; dataout          ;
; |pulse_picker_div|DATA[3]                            ; |pulse_picker_div|DATA[3]~corein                     ; dataout          ;
; |pulse_picker_div|RF_ON                              ; |pulse_picker_div|RF_ON                              ; padio            ;
; |pulse_picker_div|LessThan0~53                       ; |pulse_picker_div|LessThan0~53                       ; dataout          ;
; |pulse_picker_div|LessThan0~54                       ; |pulse_picker_div|LessThan0~54                       ; dataout          ;
; |pulse_picker_div|LessThan0~55                       ; |pulse_picker_div|LessThan0~55                       ; dataout          ;
; |pulse_picker_div|LessThan0~56                       ; |pulse_picker_div|LessThan0~56                       ; dataout          ;
; |pulse_picker_div|LessThan0~57                       ; |pulse_picker_div|LessThan0~57                       ; dataout          ;
; |pulse_picker_div|LessThan0~58                       ; |pulse_picker_div|LessThan0~58                       ; dataout          ;
; |pulse_picker_div|LessThan0~59                       ; |pulse_picker_div|LessThan0~59                       ; dataout          ;
; |pulse_picker_div|LessThan0~60                       ; |pulse_picker_div|LessThan0~60                       ; dataout          ;
+------------------------------------------------------+------------------------------------------------------+------------------+


+---------------------+
; Simulator INI Usage ;
+--------+------------+
; Option ; Usage      ;
+--------+------------+


+--------------------+
; Simulator Messages ;
+--------------------+
Info: *******************************************************************
Info: Running Quartus II Simulator
    Info: Version 9.0 Build 132 02/25/2009 SJ Full Version
    Info: Processing started: Fri Jan 03 09:27:04 2014
Info: Command: quartus_sim --read_settings_files=on --write_settings_files=off pulse_picker -c pulse_picker
Info: Using vector source file "D:/github/workrepo/FBLASER/CPLD/pulse_picker.vwf"
Warning: Compiler packed, optimized or synthesized away node "pulserate[4]". Ignored vector source file node.
Warning: Compiler packed, optimized or synthesized away node "pulserate[3]". Ignored vector source file node.
Warning: Compiler packed, optimized or synthesized away node "pulserate[2]". Ignored vector source file node.
Warning: Compiler packed, optimized or synthesized away node "pulserate[1]". Ignored vector source file node.
Warning: Compiler packed, optimized or synthesized away node "pulserate[0]". Ignored vector source file node.
Warning: Ignored node in vector source file. Can't find corresponding node name "ratetmp[12]" in design.
Warning: Ignored node in vector source file. Can't find corresponding node name "ratetmp[11]" in design.
Warning: Ignored node in vector source file. Can't find corresponding node name "ratetmp[10]" in design.
Warning: Ignored node in vector source file. Can't find corresponding node name "ratetmp[9]" in design.
Warning: Ignored node in vector source file. Can't find corresponding node name "ratetmp[8]" in design.
Warning: Ignored node in vector source file. Can't find corresponding node name "ratetmp[7]" in design.
Warning: Ignored node in vector source file. Can't find corresponding node name "ratetmp[6]" in design.
Warning: Ignored node in vector source file. Can't find corresponding node name "ratetmp[5]" in design.
Warning: Ignored node in vector source file. Can't find corresponding node name "ratetmp[4]" in design.
Warning: Ignored node in vector source file. Can't find corresponding node name "ratetmp[3]" in design.
Warning: Ignored node in vector source file. Can't find corresponding node name "ratetmp[2]" in design.
Warning: Ignored node in vector source file. Can't find corresponding node name "ratetmp[1]" in design.
Warning: Ignored node in vector source file. Can't find corresponding node name "ratetmp[0]" in design.
Warning: Can't find signal in vector source file for input pin "|pulse_picker_div|PD_CLK_IN"
Info: Option to preserve fewer signal transitions to reduce memory requirements is enabled
    Info: Simulation has been partitioned into sub-simulations according to the maximum transition count determined by the engine. Transitions from memory will be flushed out to disk at the end of each sub-simulation to reduce memory requirements.
Info: Simulation partitioned into 1 sub-simulations
Info: Simulation coverage is      32.53 %
Info: Number of transitions in simulation is 1045
Info: Quartus II Simulator was successful. 0 errors, 19 warnings
    Info: Peak virtual memory: 117 megabytes
    Info: Processing ended: Fri Jan 03 09:27:04 2014
    Info: Elapsed time: 00:00:00
    Info: Total CPU time (on all processors): 00:00:01


